// Jest Snapshot v1, https://goo.gl/fbAQLP

exports[`Button Component renders Button as expected 1`] = `
<button
  className="Button"
/>
`;
