// Jest Snapshot v1, https://goo.gl/fbAQLP

exports[`PhotoView Page Component renders PhotoView 1`] = `
<Router
  history={
    Object {
      "action": "POP",
      "block": [Function],
      "createHref": [Function],
      "go": [Function],
      "goBack": [Function],
      "goForward": [Function],
      "length": 1,
      "listen": [Function],
      "location": Object {
        "hash": "",
        "pathname": "/",
        "search": "",
        "state": undefined,
      },
      "push": [Function],
      "replace": [Function],
    }
  }
>
  <PhotoView
    handleUserView={[Function]}
    history={
      Object {
        "push": [Function],
      }
    }
    match={
      Object {
        "params": Object {
          "postId": 1,
        },
      }
    }
  >
    <Comments
      comment="testststs"
      key="1"
      user="test"
      user_id={1}
    />
  </PhotoView>
</Router>
`;
